src/App.tsx(7,25): error TS6133: 'performFullSync' is declared but its value is never read.
src/lib/dataHooks.ts(225,25): error TS2769: No overload matches this call.
  Overload 1 of 2, '(values: never, options?: { count?: "exact" | "planned" | "estimated" | undefined; } | undefined): PostgrestFilterBuilder<{ PostgrestVersion: "12"; }, never, never, null, "orders", never, "POST">', gave the following error.
    Argument of type 'Omit<{ id?: string | undefined; order_number?: number | undefined; customer_name?: string | null | undefined; customer_phone?: string | null | undefined; table_number?: string | null | undefined; ... 11 more ...; completed_at?: string | ... 1 more ... | undefined; }, "order_number">' is not assignable to parameter of type 'never'.
  Overload 2 of 2, '(values: never[], options?: { count?: "exact" | "planned" | "estimated" | undefined; defaultToNull?: boolean | undefined; } | undefined): PostgrestFilterBuilder<{ PostgrestVersion: "12"; }, never, never, null, "orders", never, "POST">', gave the following error.
    Argument of type 'Omit<{ id?: string | undefined; order_number?: number | undefined; customer_name?: string | null | undefined; customer_phone?: string | null | undefined; table_number?: string | null | undefined; ... 11 more ...; completed_at?: string | ... 1 more ... | undefined; }, "order_number">' is not assignable to parameter of type 'never[]'.
      Type 'Omit<{ id?: string | undefined; order_number?: number | undefined; customer_name?: string | null | undefined; customer_phone?: string | null | undefined; table_number?: string | null | undefined; ... 11 more ...; completed_at?: string | ... 1 more ... | undefined; }, "order_number">' is missing the following properties from type 'never[]': length, pop, push, concat, and 29 more.
src/lib/dataHooks.ts(234,33): error TS2339: Property 'id' does not exist on type 'never'.
src/lib/dataHooks.ts(239,25): error TS2769: No overload matches this call.
  Overload 1 of 2, '(values: never, options?: { count?: "exact" | "planned" | "estimated" | undefined; } | undefined): PostgrestFilterBuilder<{ PostgrestVersion: "12"; }, never, never, null, "order_items", never, "POST">', gave the following error.
    Argument of type '{ order_id: any; id?: string | undefined; quantity?: number | undefined; notes?: string | null | undefined; created_at?: string | undefined; menu_item_id: string; unit_price: number; gst_percentage?: number | undefined; gst_amount?: number | undefined; total_price: number; }[]' is not assignable to parameter of type 'never'.
  Overload 2 of 2, '(values: never[], options?: { count?: "exact" | "planned" | "estimated" | undefined; defaultToNull?: boolean | undefined; } | undefined): PostgrestFilterBuilder<{ PostgrestVersion: "12"; }, never, never, null, "order_items", never, "POST">', gave the following error.
    Argument of type '{ order_id: any; id?: string | undefined; quantity?: number | undefined; notes?: string | null | undefined; created_at?: string | undefined; menu_item_id: string; unit_price: number; gst_percentage?: number | undefined; gst_amount?: number | undefined; total_price: number; }[]' is not assignable to parameter of type 'never[]'.
      Type '{ order_id: any; id?: string | undefined; quantity?: number | undefined; notes?: string | null | undefined; created_at?: string | undefined; menu_item_id: string; unit_price: number; gst_percentage?: number | undefined; gst_amount?: number | undefined; total_price: number; }' is not assignable to type 'never'.
src/lib/dataHooks.ts(280,45): error TS2339: Property 'id' does not exist on type 'never'.
src/lib/offlineHooks.ts(6,10): error TS6133: 'useQuery' is declared but its value is never read.
src/lib/offlineHooks.ts(10,5): error TS6133: 'LocalMenuItem' is declared but its value is never read.
src/lib/offlineHooks.ts(11,5): error TS6133: 'LocalInventoryItem' is declared but its value is never read.
src/lib/offlineHooks.ts(13,5): error TS6133: 'LocalOrderItem' is declared but its value is never read.
src/lib/offlineHooks.ts(14,5): error TS6133: 'LocalDailyClosing' is declared but its value is never read.
src/lib/offlineHooks.ts(15,5): error TS6133: 'LocalStockVerification' is declared but its value is never read.
src/lib/offlineHooks.ts(297,33): error TS2345: Argument of type 'any' is not assignable to parameter of type 'never'.
src/lib/syncService.ts(8,5): error TS6133: 'addToSyncQueue' is declared but its value is never read.
src/lib/syncService.ts(76,22): error TS2769: No overload matches this call.
  Overload 1 of 2, '(values: never, options?: { count?: "exact" | "planned" | "estimated" | undefined; } | undefined): PostgrestFilterBuilder<{ PostgrestVersion: "12"; }, never, never, null, "orders", never, "POST">', gave the following error.
    Argument of type '{ customer_name: string | undefined; table_number: string | undefined; bill_type: "tax_invoice" | "estimate"; subtotal: number; tax_amount: number; discount_amount: number; total_amount: number; status: "pending" | ... 3 more ... | "cancelled"; payment_method: string | undefined; created_by: string | undefined; crea...' is not assignable to parameter of type 'never'.
  Overload 2 of 2, '(values: never[], options?: { count?: "exact" | "planned" | "estimated" | undefined; defaultToNull?: boolean | undefined; } | undefined): PostgrestFilterBuilder<{ PostgrestVersion: "12"; }, never, never, null, "orders", never, "POST">', gave the following error.
    Object literal may only specify known properties, and 'customer_name' does not exist in type 'never[]'.
src/lib/syncService.ts(96,40): error TS2339: Property 'id' does not exist on type 'never'.
src/lib/syncService.ts(109,33): error TS2769: No overload matches this call.
  Overload 1 of 2, '(values: never, options?: { count?: "exact" | "planned" | "estimated" | undefined; } | undefined): PostgrestFilterBuilder<{ PostgrestVersion: "12"; }, never, never, null, "order_items", never, "POST">', gave the following error.
    Argument of type '{ order_id: any; menu_item_id: string; quantity: number; unit_price: number; gst_percentage: number; gst_amount: number; total_price: number; notes: string | undefined; }[]' is not assignable to parameter of type 'never'.
  Overload 2 of 2, '(values: never[], options?: { count?: "exact" | "planned" | "estimated" | undefined; defaultToNull?: boolean | undefined; } | undefined): PostgrestFilterBuilder<{ PostgrestVersion: "12"; }, never, never, null, "order_items", never, "POST">', gave the following error.
    Argument of type '{ order_id: any; menu_item_id: string; quantity: number; unit_price: number; gst_percentage: number; gst_amount: number; total_price: number; notes: string | undefined; }[]' is not assignable to parameter of type 'never[]'.
      Type '{ order_id: any; menu_item_id: string; quantity: number; unit_price: number; gst_percentage: number; gst_amount: number; total_price: number; notes: string | undefined; }' is not assignable to type 'never'.
src/lib/syncService.ts(118,34): error TS2339: Property 'id' does not exist on type 'never'.
src/lib/syncService.ts(119,44): error TS2339: Property 'order_number' does not exist on type 'never'.
src/lib/syncService.ts(166,29): error TS2345: Argument of type '{ current_stock: number; updated_at: string; }' is not assignable to parameter of type 'never'.
src/lib/syncService.ts(305,49): error TS2339: Property 'id' does not exist on type 'never'.
src/lib/syncService.ts(306,45): error TS2700: Rest types may only be created from object types.
src/lib/syncService.ts(313,44): error TS2488: Type 'never' must have a '[Symbol.iterator]()' method that returns an iterator.
src/lib/syncService.ts(338,53): error TS2339: Property 'id' does not exist on type 'never'.
src/lib/syncService.ts(340,25): error TS2698: Spread types may only be created from object types.
src/lib/syncService.ts(347,56): error TS2339: Property 'id' does not exist on type 'never'.
src/lib/syncService.ts(357,29): error TS2698: Spread types may only be created from object types.
src/pages/auth/LoginPage.tsx(73,30): error TS2769: No overload matches this call.
  Overload 1 of 2, '(values: never, options?: { count?: "exact" | "planned" | "estimated" | undefined; } | undefined): PostgrestFilterBuilder<{ PostgrestVersion: "12"; }, never, never, null, "profiles", never, "POST">', gave the following error.
    Argument of type '{ id: string; email: string; full_name: string; role: "cashier"; }' is not assignable to parameter of type 'never'.
  Overload 2 of 2, '(values: never[], options?: { count?: "exact" | "planned" | "estimated" | undefined; defaultToNull?: boolean | undefined; } | undefined): PostgrestFilterBuilder<{ PostgrestVersion: "12"; }, never, never, null, "profiles", never, "POST">', gave the following error.
    Object literal may only specify known properties, and 'id' does not exist in type 'never[]'.
src/pages/auth/LoginPage.tsx(89,62): error TS2339: Property 'full_name' does not exist on type 'never'.
src/pages/auth/LoginPage.tsx(100,30): error TS2339: Property 'is_active' does not exist on type 'never'.
src/pages/auth/LoginPage.tsx(107,56): error TS2339: Property 'full_name' does not exist on type 'never'.
src/pages/kitchen/DailyClosingPage.tsx(198,33): error TS2345: Argument of type 'any' is not assignable to parameter of type 'never'.
src/pages/kitchen/DailyClosingPage.tsx(210,41): error TS2345: Argument of type 'any' is not assignable to parameter of type 'never'.
src/pages/kitchen/DailyClosingPage.tsx(311,45): error TS2345: Argument of type 'any' is not assignable to parameter of type 'never'.
src/pages/kitchen/InventoryPage.tsx(42,11): error TS6133: 'syncStatus' is declared but its value is never read.
src/pages/kitchen/KitchenPage.tsx(135,29): error TS2345: Argument of type 'any' is not assignable to parameter of type 'never'.
src/pages/orders/OrdersPage.tsx(60,11): error TS6133: 'syncStatus' is declared but its value is never read.
src/pages/pos/POSPage.tsx(2,84): error TS6133: 'ChevronUp' is declared but its value is never read.
src/pages/pos/POSPage.tsx(12,5): error TS6133: 'CardContent' is declared but its value is never read.
src/pages/pos/POSPage.tsx(49,12): error TS6133: 'printers' is declared but its value is never read.
src/pages/settings/MenuManagementPage.tsx(159,62): error TS2345: Argument of type '{ synced: undefined; name: string; description: string; category: string; price: number; gst_percentage: number; is_available: boolean; is_veg: boolean; display_order: number; updated_at: string; }' is not assignable to parameter of type 'never'.
src/pages/settings/MenuManagementPage.tsx(178,79): error TS2769: No overload matches this call.
  Overload 1 of 2, '(values: never, options?: { count?: "exact" | "planned" | "estimated" | undefined; } | undefined): PostgrestFilterBuilder<{ PostgrestVersion: "12"; }, never, never, null, "menu_items", never, "POST">', gave the following error.
    Argument of type '{ name: string; description: string; category: string; price: number; gst_percentage: number; is_available: boolean; is_veg: boolean; display_order: number; }' is not assignable to parameter of type 'never'.
  Overload 2 of 2, '(values: never[], options?: { count?: "exact" | "planned" | "estimated" | undefined; defaultToNull?: boolean | undefined; } | undefined): PostgrestFilterBuilder<{ PostgrestVersion: "12"; }, never, never, null, "menu_items", never, "POST">', gave the following error.
    Object literal may only specify known properties, and 'name' does not exist in type 'never[]'.
src/pages/settings/MenuManagementPage.tsx(193,38): error TS2339: Property 'id' does not exist on type 'never'.
src/pages/settings/MenuManagementPage.tsx(196,39): error TS2339: Property 'id' does not exist on type 'never'.
src/pages/settings/MenuManagementPage.tsx(214,60): error TS2769: No overload matches this call.
  Overload 1 of 2, '(values: never, options?: { count?: "exact" | "planned" | "estimated" | undefined; } | undefined): PostgrestFilterBuilder<{ PostgrestVersion: "12"; }, never, never, null, "recipes", never, "POST">', gave the following error.
    Argument of type '{ menu_item_id: string; inventory_item_id: string; quantity_required: number; }' is not assignable to parameter of type 'never'.
  Overload 2 of 2, '(values: never[], options?: { count?: "exact" | "planned" | "estimated" | undefined; defaultToNull?: boolean | undefined; } | undefined): PostgrestFilterBuilder<{ PostgrestVersion: "12"; }, never, never, null, "recipes", never, "POST">', gave the following error.
    Object literal may only specify known properties, and 'menu_item_id' does not exist in type 'never[]'.
src/pages/settings/SettingsPage.tsx(6,5): error TS6133: 'Users' is declared but its value is never read.
src/pages/settings/StockManagementPage.tsx(127,67): error TS2345: Argument of type '{ synced: undefined; name: string; unit: string; current_stock: number; minimum_stock: number; cost_per_unit: number; is_active: boolean; updated_at: string; }' is not assignable to parameter of type 'never'.
src/pages/settings/StockManagementPage.tsx(145,84): error TS2769: No overload matches this call.
  Overload 1 of 2, '(values: never, options?: { count?: "exact" | "planned" | "estimated" | undefined; } | undefined): PostgrestFilterBuilder<{ PostgrestVersion: "12"; }, never, never, null, "inventory_items", never, "POST">', gave the following error.
    Argument of type '{ name: string; unit: string; current_stock: number; minimum_stock: number; cost_per_unit: number; is_active: boolean; }' is not assignable to parameter of type 'never'.
  Overload 2 of 2, '(values: never[], options?: { count?: "exact" | "planned" | "estimated" | undefined; defaultToNull?: boolean | undefined; } | undefined): PostgrestFilterBuilder<{ PostgrestVersion: "12"; }, never, never, null, "inventory_items", never, "POST">', gave the following error.
    Object literal may only specify known properties, and 'name' does not exist in type 'never[]'.
src/pages/settings/StockManagementPage.tsx(158,38): error TS2339: Property 'id' does not exist on type 'never'.
src/pages/settings/StockManagementPage.tsx(220,63): error TS2345: Argument of type '{ current_stock: number; }' is not assignable to parameter of type 'never'.
src/store/authStore.ts(53,15): error TS6133: 'get' is declared but its value is never read.
